// Jest Snapshot v1, https://goo.gl/fbAQLP

exports[`DataCircleCard must render correctly 1`] = `
<Card
  className="dataCircleCard "
  tag="div"
>
  <div
    className="dataCircleCard  card"
  >
    <CardTitle
      tag="div"
    >
      <div
        className="card-title"
      >
        <Link
          onClick={[Function]}
          to="/pregnancy_compartments/hierarchicaldata/Pregnancy/all/test title/undefined/down/undefined/undefined"
        >
          <a
            href="/pregnancy_compartments/hierarchicaldata/Pregnancy/all/test title/undefined/down/undefined/undefined"
            onClick={[Function]}
          >
            test title
          </a>
        </Link>
      </div>
    </CardTitle>
    <CardBody
      tag="div"
    >
      <div
        className="card-body"
      >
        <ul
          className="circlesRow"
        >
          <li
            className="red"
            key="0"
          >
            <Link
              onClick={[Function]}
              to="/pregnancy_compartments/hierarchicaldata/Pregnancy/red/test title/undefined/down/undefined/undefined"
            >
              <a
                href="/pregnancy_compartments/hierarchicaldata/Pregnancy/red/test title/undefined/down/undefined/undefined"
                onClick={[Function]}
              >
                <span
                  className="number"
                />
              </a>
            </Link>
            <span
              className="risk-level"
            >
              Red Alert
            </span>
          </li>
          <li
            className="orange"
            key="1"
          >
            <Link
              onClick={[Function]}
              to="/pregnancy_compartments/hierarchicaldata/Pregnancy/risk/test title/undefined/down/undefined/undefined"
            >
              <a
                href="/pregnancy_compartments/hierarchicaldata/Pregnancy/risk/test title/undefined/down/undefined/undefined"
                onClick={[Function]}
              >
                <span
                  className="number"
                />
              </a>
            </Link>
            <span
              className="risk-level"
            >
              risk
            </span>
          </li>
          <li
            className="green"
            key="2"
          >
            <Link
              onClick={[Function]}
              to="/pregnancy_compartments/hierarchicaldata/Pregnancy/no/test title/undefined/down/undefined/undefined"
            >
              <a
                href="/pregnancy_compartments/hierarchicaldata/Pregnancy/no/test title/undefined/down/undefined/undefined"
                onClick={[Function]}
              >
                <span
                  className="number"
                >
                  10
                </span>
              </a>
            </Link>
            <span
              className="risk-level"
            >
              No Risk
            </span>
          </li>
        </ul>
      </div>
    </CardBody>
  </div>
</Card>
`;
