// Jest Snapshot v1, https://goo.gl/fbAQLP

exports[`components/page/SideMenu renders side menu correctly 1`] = `
<ul
  className="side-collapse-nav nav"
  id="Home"
  onClick={[Function]}
>
  <NavItem
    tag="li"
  >
    <li
      className="nav-item"
    >
      <NavLink
        className="nav nav-link side-nav-item active-collapse-menu"
        to="/"
      >
        <Link
          aria-current="page"
          className="nav nav-link side-nav-item active-collapse-menu active"
          style={Object {}}
          to="/"
        >
          <a
            aria-current="page"
            className="nav nav-link side-nav-item active-collapse-menu active"
            href="/"
            onClick={[Function]}
            style={Object {}}
          >
            <FontAwesomeIcon
              icon={
                Array [
                  "fas",
                  "home",
                ]
              }
              size="lg"
            >
              <i
                className="fa fas,home"
              />
            </FontAwesomeIcon>
            <span
              className="collapse-menu-title"
            >
               
              Home
               
            </span>
          </a>
        </Link>
      </NavLink>
    </li>
  </NavItem>
</ul>
`;

exports[`components/page/SideMenu sets the collapsedModuleLabel correctly from clicks on parentNavs: Everything 1`] = `
"Snapshot Diff:
- First value
+ Second value

@@ -125,11 +125,11 @@
                    <div
                      className=\\"side-menu-extend col\\"
                    >
                      <withRouter(SubMenu)
                        childNavs={Array []}
-                       collapsedModuleLabel=\\"\\"
+                       collapsedModuleLabel=\\"Pregnancy\\"
                        key=\\"0\\"
                        parentNav={
                          Object {
                            \\"icon\\": Array [
                              \\"fas\\",
@@ -141,11 +141,11 @@
                        }
                        setCollapsedModuleLabel={[Function anonymous]}
                      >
                        <SubMenu
                          childNavs={Array []}
-                         collapsedModuleLabel=\\"\\"
+                         collapsedModuleLabel=\\"Pregnancy\\"
                          history={
                            Object {
                              \\"action\\": \\"POP\\",
                              \\"block\\": [Function block],
                              \\"createHref\\": [Function createHref],
@@ -313,11 +313,11 @@
                              \\"label\\": \\"Analysis\\",
                              \\"url\\": \\"/analysis\\",
                            },
                          ]
                        }
-                       collapsedModuleLabel=\\"\\"
+                       collapsedModuleLabel=\\"Pregnancy\\"
                        key=\\"1\\"
                        parentNav={
                          Object {
                            \\"icon\\": Array [
                              \\"far\\",
@@ -344,11 +344,11 @@
                                \\"label\\": \\"Analysis\\",
                                \\"url\\": \\"/analysis\\",
                              },
                            ]
                          }
-                         collapsedModuleLabel=\\"\\"
+                         collapsedModuleLabel=\\"Pregnancy\\"
                          history={
                            Object {
                              \\"action\\": \\"POP\\",
                              \\"block\\": [Function block],
                              \\"createHref\\": [Function createHref],
@@ -461,11 +461,11 @@
                            <Collapse
                              appear={false}
                              enter={true}
                              exit={true}
                              in={false}
-                             isOpen={false}
+                             isOpen={true}
                              mountOnEnter={false}
                              onEnter={[Function noop]}
                              onEntered={[Function noop]}
                              onEntering={[Function noop]}
                              onExit={[Function noop]}
@@ -477,11 +477,11 @@
                            >
                              <Transition
                                appear={false}
                                enter={true}
                                exit={true}
-                               in={false}
+                               in={true}
                                mountOnEnter={false}
                                onEnter={[Function noop]}
                                onEntered={[Function bound onEntered]}
                                onEntering={[Function bound onEntering]}
                                onExit={[Function bound onExit]}
@@ -489,12 +489,16 @@
                                onExiting={[Function bound onExiting]}
                                timeout={350}
                                unmountOnExit={false}
                              >
                                <div
-                                 className=\\"collapse\\"
-                                 style={Object {}}
+                                 className=\\"collapsing\\"
+                                 style={
+                                   Object {
+                                     \\"height\\": 0,
+                                   }
+                                 }
                                >
                                  <Nav
                                    key=\\"child-nav-0\\"
                                    tag=\\"ul\\"
                                    vertical={false}
@@ -674,11 +678,11 @@
                              \\"label\\": \\"Logface\\",
                              \\"url\\": \\"/pnc_and_nbc_log_face\\",
                            },
                          ]
                        }
-                       collapsedModuleLabel=\\"\\"
+                       collapsedModuleLabel=\\"Pregnancy\\"
                        key=\\"2\\"
                        parentNav={
                          Object {
                            \\"icon\\": Array [
                              \\"far\\",
@@ -697,11 +701,11 @@
                                \\"label\\": \\"Logface\\",
                                \\"url\\": \\"/pnc_and_nbc_log_face\\",
                              },
                            ]
                          }
-                         collapsedModuleLabel=\\"\\"
+                         collapsedModuleLabel=\\"Pregnancy\\"
                          history={
                            Object {
                              \\"action\\": \\"POP\\",
                              \\"block\\": [Function block],
                              \\"createHref\\": [Function createHref],
@@ -931,11 +935,11 @@
                              \\"label\\": \\"Logface\\",
                              \\"url\\": \\"/nutrition_logface_url\\",
                            },
                          ]
                        }
-                       collapsedModuleLabel=\\"\\"
+                       collapsedModuleLabel=\\"Pregnancy\\"
                        key=\\"3\\"
                        parentNav={
                          Object {
                            \\"icon\\": Array [
                              \\"far\\",
@@ -954,11 +958,11 @@
                                \\"label\\": \\"Logface\\",
                                \\"url\\": \\"/nutrition_logface_url\\",
                              },
                            ]
                          }
-                         collapsedModuleLabel=\\"\\"
+                         collapsedModuleLabel=\\"Pregnancy\\"
                          history={
                            Object {
                              \\"action\\": \\"POP\\",
                              \\"block\\": [Function block],
                              \\"createHref\\": [Function createHref],"
`;
