// Jest Snapshot v1, https://goo.gl/fbAQLP

exports[`PregnancyHome must render correctly 1`] = `
<Router
  history={
    Object {
      "action": "POP",
      "block": [Function],
      "createHref": [Function],
      "go": [Function],
      "goBack": [Function],
      "goForward": [Function],
      "length": 1,
      "listen": [Function],
      "location": Object {
        "hash": "",
        "pathname": "/",
        "search": "",
        "state": undefined,
      },
      "push": [Function],
      "replace": [Function],
    }
  }
>
  <ModuleHome
    deactivateLinks={false}
    description=""
    title=""
  >
    <div
      className="module-home-main"
    >
      <div
        className="welcome-text"
      >
        <h1 />
        <p />
      </div>
      <div
        className="components-list"
      >
        <div
          className="spacer"
        >
          <div
            className="home-sub-containers"
          >
            <div
              className="sub-container-heading"
            >
              <p>
                Log face
              </p>
            </div>
            <hr />
            <div
              className="sub-container-message"
            >
              <div
                id="cont-size"
              >
                <p>
                  Display of all messages receioved from MIECD in chronological order
                </p>
              </div>
              <div
                id="cont-sized"
              >
                <Link
                  to="/log-face"
                >
                  <a
                    href="/log-face"
                    onClick={[Function]}
                  >
                    <button
                      className="button-style "
                    >
                      View
                    </button>
                  </a>
                </Link>
              </div>
            </div>
          </div>
        </div>
        <div
          className="spacer"
        >
          <div
            className="home-sub-containers"
          >
            <div
              className="sub-container-heading"
            >
              <p>
                Compartments
              </p>
            </div>
            <hr />
            <div
              className="sub-container-message"
            >
              <div
                id="cont-size"
              >
                <p>
                  This is the aggregation and categorization of patients data
                </p>
              </div>
              <div
                id="cont-sized"
              >
                <Link
                  to="/compartments"
                >
                  <a
                    href="/compartments"
                    onClick={[Function]}
                  >
                    <button
                      className="button-style "
                    >
                      View
                    </button>
                  </a>
                </Link>
              </div>
            </div>
          </div>
        </div>
        <div
          className="spacer"
        >
          <div
            className="home-sub-containers"
          >
            <div
              className="sub-container-heading"
            >
              <p>
                Analysis
              </p>
            </div>
            <hr />
            <div
              className="sub-container-message"
            >
              <div
                id="cont-size"
              >
                <p>
                  Important analysis and indicators generated from collected data
                </p>
              </div>
              <div
                id="cont-sized"
              >
                <Link
                  to="/compartments"
                >
                  <a
                    href="/compartments"
                    onClick={[Function]}
                  >
                    <button
                      className="button-style "
                    >
                      View
                    </button>
                  </a>
                </Link>
              </div>
            </div>
          </div>
        </div>
      </div>
    </div>
  </ModuleHome>
</Router>
`;
