// Jest Snapshot v1, https://goo.gl/fbAQLP

exports[`App renders App correctly 1`] = `
<Provider
  store={
    Object {
      "dispatch": [Function],
      "getState": [Function],
      "replaceReducer": [Function],
      "subscribe": [Function],
      Symbol(observable): [Function],
    }
  }
>
  <Router
    history={
      Object {
        "action": "POP",
        "block": [Function],
        "createHref": [Function],
        "go": [Function],
        "goBack": [Function],
        "goForward": [Function],
        "length": 1,
        "listen": [Function],
        "location": Object {
          "hash": "",
          "pathname": "/",
          "search": "",
          "state": undefined,
        },
        "push": [Function],
        "replace": [Function],
      }
    }
  >
    <App>
      <Container
        tag="div"
      >
        <div
          className="container"
        >
          <Connect(withRouter(HeaderComponent))>
            <withRouter(HeaderComponent)
              authenticated={false}
              logOutUser={[Function]}
              user={
                Object {
                  "email": "",
                  "gravatar": "",
                  "name": "",
                  "username": "",
                }
              }
            >
              <HeaderComponent
                authenticated={false}
                history={
                  Object {
                    "action": "POP",
                    "block": [Function],
                    "createHref": [Function],
                    "go": [Function],
                    "goBack": [Function],
                    "goForward": [Function],
                    "length": 1,
                    "listen": [Function],
                    "location": Object {
                      "hash": "",
                      "pathname": "/",
                      "search": "",
                      "state": undefined,
                    },
                    "push": [Function],
                    "replace": [Function],
                  }
                }
                location={
                  Object {
                    "hash": "",
                    "pathname": "/",
                    "search": "",
                    "state": undefined,
                  }
                }
                logOutUser={[Function]}
                match={
                  Object {
                    "isExact": true,
                    "params": Object {},
                    "path": "/",
                    "url": "/",
                  }
                }
                user={
                  Object {
                    "email": "",
                    "gravatar": "",
                    "name": "",
                    "username": "",
                  }
                }
              >
                <div>
                  <Navbar
                    color="light"
                    expand="md"
                    light={true}
                    tag="nav"
                  >
                    <nav
                      className="navbar navbar-expand-md navbar-light bg-light"
                    >
                      <nav
                        className="navbar navbar-expand-md navbar-light bg-light"
                      >
                        <Link
                          className="navbar-brand"
                          to="/"
                        >
                          <a
                            className="navbar-brand"
                            href="/"
                            onClick={[Function]}
                          >
                            <img
                              alt="UNICEF"
                              src="logo.png"
                            />
                          </a>
                        </Link>
                      </nav>
                      <NavbarToggler
                        onClick={[Function]}
                        tag="button"
                        type="button"
                      >
                        <button
                          className="navbar-toggler"
                          onClick={[Function]}
                          type="button"
                        >
                          <span
                            className="navbar-toggler-icon"
                          />
                        </button>
                      </NavbarToggler>
                      <Collapse
                        appear={false}
                        enter={true}
                        exit={true}
                        in={false}
                        isOpen={false}
                        mountOnEnter={false}
                        navbar={true}
                        onEnter={[Function]}
                        onEntered={[Function]}
                        onEntering={[Function]}
                        onExit={[Function]}
                        onExited={[Function]}
                        onExiting={[Function]}
                        tag="div"
                        timeout={350}
                        unmountOnExit={false}
                      >
                        <Transition
                          appear={false}
                          enter={true}
                          exit={true}
                          in={false}
                          mountOnEnter={false}
                          onEnter={[Function]}
                          onEntered={[Function]}
                          onEntering={[Function]}
                          onExit={[Function]}
                          onExited={[Function]}
                          onExiting={[Function]}
                          timeout={350}
                          unmountOnExit={false}
                        >
                          <div
                            className="collapse navbar-collapse"
                            style={Object {}}
                          >
                            <Nav
                              className="mr-auto"
                              navbar={true}
                              tag="ul"
                              vertical={false}
                            >
                              <ul
                                className="mr-auto navbar-nav"
                              >
                                <NavItem
                                  tag="li"
                                >
                                  <li
                                    className="nav-item"
                                  >
                                    <NavLink
                                      activeClassName="active"
                                      className="nav-link"
                                      to="/"
                                    >
                                      <Link
                                        aria-current="page"
                                        className="nav-link active"
                                        style={Object {}}
                                        to="/"
                                      >
                                        <a
                                          aria-current="page"
                                          className="nav-link active"
                                          href="/"
                                          onClick={[Function]}
                                          style={Object {}}
                                        >
                                          Home
                                        </a>
                                      </Link>
                                    </NavLink>
                                  </li>
                                </NavItem>
                                <NavItem
                                  tag="li"
                                >
                                  <li
                                    className="nav-item"
                                  >
                                    <NavLink
                                      activeClassName="active"
                                      className="nav-link"
                                      to="/clients"
                                    >
                                      <Link
                                        aria-current={null}
                                        className="nav-link"
                                        to="/clients"
                                      >
                                        <a
                                          aria-current={null}
                                          className="nav-link"
                                          href="/clients"
                                          onClick={[Function]}
                                        >
                                          Clients
                                        </a>
                                      </Link>
                                    </NavLink>
                                  </li>
                                </NavItem>
                              </ul>
                            </Nav>
                            <Nav
                              className="ml-0"
                              navbar={true}
                              tag="ul"
                              vertical={false}
                            >
                              <ul
                                className="ml-0 navbar-nav"
                              >
                                <NavLink
                                  activeClassName="active"
                                  className="nav-link"
                                  to="/login"
                                >
                                  <Link
                                    aria-current={null}
                                    className="nav-link"
                                    to="/login"
                                  >
                                    <a
                                      aria-current={null}
                                      className="nav-link"
                                      href="/login"
                                      onClick={[Function]}
                                    >
                                      Login
                                    </a>
                                  </Link>
                                </NavLink>
                              </ul>
                            </Nav>
                          </div>
                        </Transition>
                      </Collapse>
                    </nav>
                  </Navbar>
                </div>
              </HeaderComponent>
            </withRouter(HeaderComponent)>
          </Connect(withRouter(HeaderComponent))>
          <Row
            id="main-page-row"
            tag="div"
          >
            <div
              className="row"
              id="main-page-row"
            >
              <Col
                tag="div"
                widths={
                  Array [
                    "xs",
                    "sm",
                    "md",
                    "lg",
                    "xl",
                  ]
                }
              >
                <div
                  className="col"
                >
                  <Switch>
                    <Connect(PrivateRoute)
                      component={[Function]}
                      computedMatch={
                        Object {
                          "isExact": true,
                          "params": Object {},
                          "path": "/",
                          "url": "/",
                        }
                      }
                      disableLoginProtection={true}
                      exact={true}
                      location={
                        Object {
                          "hash": "",
                          "pathname": "/",
                          "search": "",
                          "state": undefined,
                        }
                      }
                      path="/"
                    >
                      <PrivateRoute
                        authenticated={false}
                        component={[Function]}
                        computedMatch={
                          Object {
                            "isExact": true,
                            "params": Object {},
                            "path": "/",
                            "url": "/",
                          }
                        }
                        disableLoginProtection={true}
                        dispatch={[Function]}
                        exact={true}
                        location={
                          Object {
                            "hash": "",
                            "pathname": "/",
                            "search": "",
                            "state": undefined,
                          }
                        }
                        path="/"
                        redirectPath="/login"
                      >
                        <Route
                          computedMatch={
                            Object {
                              "isExact": true,
                              "params": Object {},
                              "path": "/",
                              "url": "/",
                            }
                          }
                          dispatch={[Function]}
                          exact={true}
                          location={
                            Object {
                              "hash": "",
                              "pathname": "/",
                              "search": "",
                              "state": undefined,
                            }
                          }
                          path="/"
                          render={[Function]}
                        >
                          <Home
                            computedMatch={
                              Object {
                                "isExact": true,
                                "params": Object {},
                                "path": "/",
                                "url": "/",
                              }
                            }
                            dispatch={[Function]}
                            exact={true}
                            history={
                              Object {
                                "action": "POP",
                                "block": [Function],
                                "createHref": [Function],
                                "go": [Function],
                                "goBack": [Function],
                                "goForward": [Function],
                                "length": 1,
                                "listen": [Function],
                                "location": Object {
                                  "hash": "",
                                  "pathname": "/",
                                  "search": "",
                                  "state": undefined,
                                },
                                "push": [Function],
                                "replace": [Function],
                              }
                            }
                            location={
                              Object {
                                "hash": "",
                                "pathname": "/",
                                "search": "",
                                "state": undefined,
                              }
                            }
                            match={
                              Object {
                                "isExact": true,
                                "params": Object {},
                                "path": "/",
                                "url": "/",
                              }
                            }
                            path="/"
                          >
                            <div
                              className="text-center"
                            >
                              <Row
                                className="welcome-box"
                                tag="div"
                              >
                                <div
                                  className="welcome-box row"
                                >
                                  <Col
                                    tag="div"
                                    widths={
                                      Array [
                                        "xs",
                                        "sm",
                                        "md",
                                        "lg",
                                        "xl",
                                      ]
                                    }
                                  >
                                    <div
                                      className="col"
                                    >
                                      <h3>
                                        Welcome to OpenSRp
                                      </h3>
                                    </div>
                                  </Col>
                                </div>
                              </Row>
                            </div>
                          </Home>
                        </Route>
                      </PrivateRoute>
                    </Connect(PrivateRoute)>
                  </Switch>
                </div>
              </Col>
            </div>
          </Row>
        </div>
      </Container>
    </App>
  </Router>
</Provider>
`;
