// Jest Snapshot v1, https://goo.gl/fbAQLP

exports[`App renders App correctly 1`] = `
Object {
  "children": <App />,
  "history": Object {
    "action": "REPLACE",
    "block": [Function],
    "createHref": [Function],
    "go": [Function],
    "goBack": [Function],
    "goForward": [Function],
    "length": 1,
    "listen": [Function],
    "location": Object {
      "hash": Any<String>,
      "key": Any<String>,
      "pathname": Any<String>,
      "search": Any<String>,
      "state": undefined,
    },
    "push": [Function],
    "replace": [Function],
  },
}
`;
