// Jest Snapshot v1, https://goo.gl/fbAQLP

exports[`containers/pages/ConfigForm/manifest/draftFiles renders table correctly 1`] = `
Object {
  "LoadingComponent": <Ripple
    borderColor="#ff5d00"
    borderStyle="solid"
    borderWidth="4px"
    height="64px"
    minHeight="80vh"
    width="64px"
  />,
  "baseURL": "https://anc-stage.smartregister.org/opensrp/",
  "getPayload": [Function],
  "locationsEndpoint": "location/location-tree",
  "restBaseURL": "https://anc-stage.smartregister.org/opensrp/rest/",
  "secAuthEndpoint": "security/authenticate",
  "settingsEndpoint": "settings/",
  "v2BaseUrl": "https://anc-stage.smartregister.org/opensrp/rest/v2/",
}
`;
