// Jest Snapshot v1, https://goo.gl/fbAQLP

exports[`components/page/SideMenu renders side menu correctly 1`] = `
<ul
  className="side-collapse-nav nav"
  id="Client-Records"
  onClick={[Function]}
>
  <NavItem
    id="module-link"
    tag="li"
  >
    <li
      className="nav-item"
      id="module-link"
    >
      <span
        className="nav nav-link side-nav-item"
      >
        <FontAwesomeIcon
          icon={
            Array [
              "far",
              "user",
            ]
          }
          size="lg"
        >
          <i
            className="fa"
          />
        </FontAwesomeIcon>
        <span
          className="collapse-menu-title"
        >
           
          Client Records
           
        </span>
      </span>
    </li>
  </NavItem>
</ul>
`;

exports[`components/page/SideMenu sets the collapsedModuleLabel correctly from clicks on parentNavs: Everything 1`] = `
"Snapshot Diff:
- First value
+ Second value

@@ -112,11 +112,11 @@
                        \\"label\\": \\"All clients\\",
                        \\"url\\": \\"/clients\\",
                      },
                    ]
                  }
-                 collapsedModuleLabel={null}
+                 collapsedModuleLabel=\\"Client Records\\"
                  key=\\"0\\"
                  parentNav={
                    Object {
                      \\"icon\\": Array [
                        \\"far\\",
@@ -134,11 +134,11 @@
                          \\"label\\": \\"All clients\\",
                          \\"url\\": \\"/clients\\",
                        },
                      ]
                    }
-                   collapsedModuleLabel={null}
+                   collapsedModuleLabel=\\"Client Records\\"
                    history={
                      Object {
                        \\"action\\": \\"POP\\",
                        \\"block\\": [Function block],
                        \\"createHref\\": [Function createHref],
@@ -238,11 +238,11 @@
                      <Collapse
                        appear={false}
                        enter={true}
                        exit={true}
                        in={false}
-                       isOpen={false}
+                       isOpen={true}
                        mountOnEnter={false}
                        onEnter={[Function noop]}
                        onEntered={[Function noop]}
                        onEntering={[Function noop]}
                        onExit={[Function noop]}
@@ -254,11 +254,11 @@
                      >
                        <Transition
                          appear={false}
                          enter={true}
                          exit={true}
-                         in={false}
+                         in={true}
                          mountOnEnter={false}
                          onEnter={[Function noop]}
                          onEntered={[Function bound onEntered]}
                          onEntering={[Function bound onEntering]}
                          onExit={[Function bound onExit]}
@@ -266,12 +266,16 @@
                          onExiting={[Function bound onExiting]}
                          timeout={350}
                          unmountOnExit={false}
                        >
                          <div
-                           className=\\"collapse\\"
-                           style={Object {}}
+                           className=\\"collapsing\\"
+                           style={
+                             Object {
+                               \\"height\\": 0,
+                             }
+                           }
                          >
                            <Nav
                              key=\\"child-nav-0\\"
                              tag=\\"ul\\"
                              vertical={false}"
`;
