// Jest Snapshot v1, https://goo.gl/fbAQLP

exports[`components/page/Searchbox renders without crashing: SearchBox input 1`] = `
<Input
  className="search-bar-input"
  onChange={[Function]}
  onKeyPress={[Function]}
  placeholder="Search Household"
  type="text"
/>
`;

exports[`components/page/Searchbox renders without crashing: SearchBox ion 1`] = `
<span
  className="input-group-btn search-bar-icon"
>
  <FontAwesomeIcon
    icon="search"
  />
</span>
`;
