// Jest Snapshot v1, https://goo.gl/fbAQLP

exports[`components/page/CustomDropdown renders without crashing: StateManager 1`] = `
<div
  id="custom-dropdown"
>
  <StateManager
    className="basic-single"
    classNamePrefix="select"
    defaultInputValue=""
    defaultMenuIsOpen={false}
    defaultValue={null}
    isSearchable={false}
    onChange={[Function]}
    options={Array []}
    placeholder="Select"
    styles={
      Object {
        "control": [Function],
      }
    }
  />
</div>
`;
