// Jest Snapshot v1, https://goo.gl/fbAQLP

exports[`App renders App correctly 1`] = `
<Provider
  store={
    Object {
      "dispatch": [Function],
      "getState": [Function],
      "replaceReducer": [Function],
      "subscribe": [Function],
      Symbol(observable): [Function],
    }
  }
>
  <Router
    history={
      Object {
        "action": "POP",
        "block": [Function],
        "createHref": [Function],
        "go": [Function],
        "goBack": [Function],
        "goForward": [Function],
        "length": 1,
        "listen": [Function],
        "location": Object {
          "hash": "",
          "pathname": "/",
          "search": "",
          "state": undefined,
        },
        "push": [Function],
        "replace": [Function],
      }
    }
  >
    <App>
      <Container
        fluid={true}
        tag="div"
      >
        <div
          className="container-fluid"
        >
          <Connect(withRouter(HeaderComponent))>
            <withRouter(HeaderComponent)
              authenticated={false}
              logOutUser={[Function]}
              user={
                Object {
                  "email": "",
                  "gravatar": "",
                  "name": "",
                  "username": "",
                }
              }
            >
              <HeaderComponent
                authenticated={false}
                history={
                  Object {
                    "action": "POP",
                    "block": [Function],
                    "createHref": [Function],
                    "go": [Function],
                    "goBack": [Function],
                    "goForward": [Function],
                    "length": 1,
                    "listen": [Function],
                    "location": Object {
                      "hash": "",
                      "pathname": "/",
                      "search": "",
                      "state": undefined,
                    },
                    "push": [Function],
                    "replace": [Function],
                  }
                }
                location={
                  Object {
                    "hash": "",
                    "pathname": "/",
                    "search": "",
                    "state": undefined,
                  }
                }
                logOutUser={[Function]}
                match={
                  Object {
                    "isExact": true,
                    "params": Object {},
                    "path": "/",
                    "url": "/",
                  }
                }
                user={
                  Object {
                    "email": "",
                    "gravatar": "",
                    "name": "",
                    "username": "",
                  }
                }
              >
                <Row
                  tag="div"
                  widths={
                    Array [
                      "xs",
                      "sm",
                      "md",
                      "lg",
                      "xl",
                    ]
                  }
                >
                  <div
                    className="row"
                  >
                    <Navbar
                      className="w-100 bg-navbar"
                      expand="sm"
                      fixed="top"
                      tag="nav"
                    >
                      <nav
                        className="w-100 bg-navbar navbar navbar-expand-sm fixed-top"
                      >
                        <Col
                          className="bg-top-nav"
                          md={2}
                          sm={3}
                          tag="div"
                          widths={
                            Array [
                              "xs",
                              "sm",
                              "md",
                              "lg",
                              "xl",
                            ]
                          }
                        >
                          <div
                            className="bg-top-nav col-sm-3 col-md-2"
                          >
                            <nav
                              className="navbar navbar-expand-md navbar-light"
                            >
                              <Link
                                className="navbar-brand"
                                to="/"
                              >
                                <LinkAnchor
                                  className="navbar-brand"
                                  href="/"
                                  navigate={[Function]}
                                >
                                  <a
                                    className="navbar-brand"
                                    href="/"
                                    onClick={[Function]}
                                  >
                                    <img
                                      alt="OpenSRP"
                                      src="test-file-stub"
                                    />
                                  </a>
                                </LinkAnchor>
                              </Link>
                            </nav>
                          </div>
                        </Col>
                        <Col
                          md={8}
                          sm={5}
                          tag="div"
                          widths={
                            Array [
                              "xs",
                              "sm",
                              "md",
                              "lg",
                              "xl",
                            ]
                          }
                        >
                          <div
                            className="col-sm-5 col-md-8"
                          />
                        </Col>
                        <Col
                          className="bg-top-nav"
                          md={2}
                          sm={4}
                          tag="div"
                          widths={
                            Array [
                              "xs",
                              "sm",
                              "md",
                              "lg",
                              "xl",
                            ]
                          }
                        >
                          <div
                            className="bg-top-nav col-sm-4 col-md-2"
                          >
                            <Nav
                              className="navbar navbar-expand-md center-account-text"
                              tag="ul"
                              vertical={false}
                            >
                              <ul
                                className="navbar navbar-expand-md center-account-text nav"
                              >
                                <NavLink
                                  activeClassName="active"
                                  className="nav-link account-text"
                                  to="/login"
                                >
                                  <Link
                                    aria-current={null}
                                    className="nav-link account-text"
                                    to={
                                      Object {
                                        "hash": "",
                                        "pathname": "/login",
                                        "search": "",
                                        "state": null,
                                      }
                                    }
                                  >
                                    <LinkAnchor
                                      aria-current={null}
                                      className="nav-link account-text"
                                      href="/login"
                                      navigate={[Function]}
                                    >
                                      <a
                                        aria-current={null}
                                        className="nav-link account-text"
                                        href="/login"
                                        onClick={[Function]}
                                      >
                                        Login
                                      </a>
                                    </LinkAnchor>
                                  </Link>
                                </NavLink>
                              </ul>
                            </Nav>
                          </div>
                        </Col>
                      </nav>
                    </Navbar>
                  </div>
                </Row>
              </HeaderComponent>
            </withRouter(HeaderComponent)>
          </Connect(withRouter(HeaderComponent))>
          <Row
            id="main-page-row"
            tag="div"
            widths={
              Array [
                "xs",
                "sm",
                "md",
                "lg",
                "xl",
              ]
            }
          >
            <div
              className="row"
              id="main-page-row"
            >
              <Col
                className="side-menu-section"
                md={2}
                tag="div"
                widths={
                  Array [
                    "xs",
                    "sm",
                    "md",
                    "lg",
                    "xl",
                  ]
                }
              >
                <div
                  className="side-menu-section col-md-2"
                >
                  <SideMenu
                    navigationModules={
                      Array [
                        Object {
                          "enabled": true,
                          "module": Object {
                            "childNavs": Array [
                              Object {
                                "label": "All clients",
                                "url": "/clients",
                              },
                            ],
                            "parentNav": Object {
                              "icon": Array [
                                "far",
                                "user",
                              ],
                              "label": "Client Records",
                            },
                          },
                        },
                        Object {
                          "enabled": false,
                          "module": Object {
                            "childNavs": Array [],
                            "parentNav": Object {
                              "icon": Array [
                                "fas",
                                "chart-line",
                              ],
                              "label": "Reports",
                              "url": "/404",
                            },
                          },
                        },
                        Object {
                          "enabled": false,
                          "module": Object {
                            "childNavs": Array [],
                            "parentNav": Object {
                              "icon": Array [
                                "fas",
                                "cog",
                              ],
                              "label": "Admin",
                            },
                          },
                        },
                      ]
                    }
                  >
                    <div
                      className="side-menu-container"
                    >
                      <Row
                        tag="div"
                        widths={
                          Array [
                            "xs",
                            "sm",
                            "md",
                            "lg",
                            "xl",
                          ]
                        }
                      >
                        <div
                          className="row"
                        >
                          <Col
                            className="side-menu-extend"
                            tag="div"
                            widths={
                              Array [
                                "xs",
                                "sm",
                                "md",
                                "lg",
                                "xl",
                              ]
                            }
                          >
                            <div
                              className="side-menu-extend col"
                            >
                              <withRouter(SubMenu)
                                childNavs={
                                  Array [
                                    Object {
                                      "label": "All clients",
                                      "url": "/clients",
                                    },
                                  ]
                                }
                                collapsedModuleLabel={null}
                                key="0"
                                parentNav={
                                  Object {
                                    "icon": Array [
                                      "far",
                                      "user",
                                    ],
                                    "label": "Client Records",
                                  }
                                }
                                setCollapsedModuleLabel={[Function]}
                              >
                                <SubMenu
                                  childNavs={
                                    Array [
                                      Object {
                                        "label": "All clients",
                                        "url": "/clients",
                                      },
                                    ]
                                  }
                                  collapsedModuleLabel={null}
                                  history={
                                    Object {
                                      "action": "POP",
                                      "block": [Function],
                                      "createHref": [Function],
                                      "go": [Function],
                                      "goBack": [Function],
                                      "goForward": [Function],
                                      "length": 1,
                                      "listen": [Function],
                                      "location": Object {
                                        "hash": "",
                                        "pathname": "/",
                                        "search": "",
                                        "state": undefined,
                                      },
                                      "push": [Function],
                                      "replace": [Function],
                                    }
                                  }
                                  location={
                                    Object {
                                      "hash": "",
                                      "pathname": "/",
                                      "search": "",
                                      "state": undefined,
                                    }
                                  }
                                  match={
                                    Object {
                                      "isExact": true,
                                      "params": Object {},
                                      "path": "/",
                                      "url": "/",
                                    }
                                  }
                                  parentNav={
                                    Object {
                                      "icon": Array [
                                        "far",
                                        "user",
                                      ],
                                      "label": "Client Records",
                                    }
                                  }
                                  setCollapsedModuleLabel={[Function]}
                                >
                                  <div
                                    id="sub-menu-Client-Records"
                                  >
                                    <Nav
                                      className="side-collapse-nav"
                                      id="Client-Records"
                                      onClick={[Function]}
                                      tag="ul"
                                      vertical={false}
                                    >
                                      <ul
                                        className="side-collapse-nav nav"
                                        id="Client-Records"
                                        onClick={[Function]}
                                      >
                                        <NavItem
                                          id="module-link"
                                          tag="li"
                                        >
                                          <li
                                            className="nav-item"
                                            id="module-link"
                                          >
                                            <span
                                              className="nav nav-link side-nav-item"
                                            >
                                              <FontAwesomeIcon
                                                border={false}
                                                className=""
                                                fixedWidth={false}
                                                flip={null}
                                                icon={
                                                  Array [
                                                    "far",
                                                    "user",
                                                  ]
                                                }
                                                inverse={false}
                                                listItem={false}
                                                mask={null}
                                                pull={null}
                                                pulse={false}
                                                rotation={null}
                                                size="lg"
                                                spin={false}
                                                swapOpacity={false}
                                                symbol={false}
                                                title=""
                                                transform={null}
                                              >
                                                <svg
                                                  aria-hidden="true"
                                                  className="svg-inline--fa fa-user fa-w-14 fa-lg "
                                                  data-icon="user"
                                                  data-prefix="far"
                                                  focusable="false"
                                                  role="img"
                                                  style={Object {}}
                                                  viewBox="0 0 448 512"
                                                  xmlns="http://www.w3.org/2000/svg"
                                                >
                                                  <path
                                                    d="M313.6 304c-28.7 0-42.5 16-89.6 16-47.1 0-60.8-16-89.6-16C60.2 304 0 364.2 0 438.4V464c0 26.5 21.5 48 48 48h352c26.5 0 48-21.5 48-48v-25.6c0-74.2-60.2-134.4-134.4-134.4zM400 464H48v-25.6c0-47.6 38.8-86.4 86.4-86.4 14.6 0 38.3 16 89.6 16 51.7 0 74.9-16 89.6-16 47.6 0 86.4 38.8 86.4 86.4V464zM224 288c79.5 0 144-64.5 144-144S303.5 0 224 0 80 64.5 80 144s64.5 144 144 144zm0-240c52.9 0 96 43.1 96 96s-43.1 96-96 96-96-43.1-96-96 43.1-96 96-96z"
                                                    fill="currentColor"
                                                    style={Object {}}
                                                  />
                                                </svg>
                                              </FontAwesomeIcon>
                                              <span
                                                className="collapse-menu-title"
                                              >
                                                 
                                                Client Records
                                                 
                                              </span>
                                            </span>
                                          </li>
                                        </NavItem>
                                      </ul>
                                    </Nav>
                                    <Collapse
                                      appear={false}
                                      enter={true}
                                      exit={true}
                                      in={false}
                                      isOpen={false}
                                      mountOnEnter={false}
                                      onEnter={[Function]}
                                      onEntered={[Function]}
                                      onEntering={[Function]}
                                      onExit={[Function]}
                                      onExited={[Function]}
                                      onExiting={[Function]}
                                      tag="div"
                                      timeout={350}
                                      unmountOnExit={false}
                                    >
                                      <Transition
                                        appear={false}
                                        enter={true}
                                        exit={true}
                                        in={false}
                                        mountOnEnter={false}
                                        onEnter={[Function]}
                                        onEntered={[Function]}
                                        onEntering={[Function]}
                                        onExit={[Function]}
                                        onExited={[Function]}
                                        onExiting={[Function]}
                                        timeout={350}
                                        unmountOnExit={false}
                                      >
                                        <div
                                          aria-expanded="false"
                                          className="collapse"
                                          style={Object {}}
                                        >
                                          <Nav
                                            key="child-nav-0"
                                            tag="ul"
                                            vertical={false}
                                          >
                                            <ul
                                              className="nav"
                                            >
                                              <NavItem
                                                className="nav-item-extend"
                                                tag="li"
                                              >
                                                <li
                                                  className="nav-item-extend nav-item"
                                                >
                                                  <NavLink
                                                    activeClassName="side-nav-active"
                                                    className="nav-link side-nav-item"
                                                    to="/clients"
                                                  >
                                                    <Link
                                                      aria-current={null}
                                                      className="nav-link side-nav-item"
                                                      to={
                                                        Object {
                                                          "hash": "",
                                                          "pathname": "/clients",
                                                          "search": "",
                                                          "state": null,
                                                        }
                                                      }
                                                    >
                                                      <LinkAnchor
                                                        aria-current={null}
                                                        className="nav-link side-nav-item"
                                                        href="/clients"
                                                        navigate={[Function]}
                                                      >
                                                        <a
                                                          aria-current={null}
                                                          className="nav-link side-nav-item"
                                                          href="/clients"
                                                          onClick={[Function]}
                                                        >
                                                          <span>
                                                             
                                                            All clients
                                                             
                                                          </span>
                                                        </a>
                                                      </LinkAnchor>
                                                    </Link>
                                                  </NavLink>
                                                </li>
                                              </NavItem>
                                            </ul>
                                          </Nav>
                                        </div>
                                      </Transition>
                                    </Collapse>
                                  </div>
                                </SubMenu>
                              </withRouter(SubMenu)>
                            </div>
                          </Col>
                        </div>
                      </Row>
                    </div>
                  </SideMenu>
                </div>
              </Col>
              <Col
                className="container-section"
                md={10}
                tag="div"
                widths={
                  Array [
                    "xs",
                    "sm",
                    "md",
                    "lg",
                    "xl",
                  ]
                }
              >
                <div
                  className="container-section col-md-10"
                >
                  <Switch>
                    <Connect(PrivateRoute)
                      component={[Function]}
                      computedMatch={
                        Object {
                          "isExact": true,
                          "params": Object {},
                          "path": "/",
                          "url": "/",
                        }
                      }
                      disableLoginProtection={true}
                      exact={true}
                      location={
                        Object {
                          "hash": "",
                          "pathname": "/",
                          "search": "",
                          "state": undefined,
                        }
                      }
                      path="/"
                    >
                      <PrivateRoute
                        authenticated={false}
                        component={[Function]}
                        computedMatch={
                          Object {
                            "isExact": true,
                            "params": Object {},
                            "path": "/",
                            "url": "/",
                          }
                        }
                        disableLoginProtection={true}
                        dispatch={[Function]}
                        exact={true}
                        location={
                          Object {
                            "hash": "",
                            "pathname": "/",
                            "search": "",
                            "state": undefined,
                          }
                        }
                        path="/"
                        redirectPath="/login"
                      >
                        <Route
                          computedMatch={
                            Object {
                              "isExact": true,
                              "params": Object {},
                              "path": "/",
                              "url": "/",
                            }
                          }
                          dispatch={[Function]}
                          exact={true}
                          location={
                            Object {
                              "hash": "",
                              "pathname": "/",
                              "search": "",
                              "state": undefined,
                            }
                          }
                          path="/"
                          render={[Function]}
                        >
                          <Home
                            computedMatch={
                              Object {
                                "isExact": true,
                                "params": Object {},
                                "path": "/",
                                "url": "/",
                              }
                            }
                            dispatch={[Function]}
                            exact={true}
                            history={
                              Object {
                                "action": "POP",
                                "block": [Function],
                                "createHref": [Function],
                                "go": [Function],
                                "goBack": [Function],
                                "goForward": [Function],
                                "length": 1,
                                "listen": [Function],
                                "location": Object {
                                  "hash": "",
                                  "pathname": "/",
                                  "search": "",
                                  "state": undefined,
                                },
                                "push": [Function],
                                "replace": [Function],
                              }
                            }
                            location={
                              Object {
                                "hash": "",
                                "pathname": "/",
                                "search": "",
                                "state": undefined,
                              }
                            }
                            match={
                              Object {
                                "isExact": true,
                                "params": Object {},
                                "path": "/",
                                "url": "/",
                              }
                            }
                            path="/"
                          >
                            <div
                              className="text-center"
                            >
                              <Row
                                className="welcome-box"
                                tag="div"
                                widths={
                                  Array [
                                    "xs",
                                    "sm",
                                    "md",
                                    "lg",
                                    "xl",
                                  ]
                                }
                              >
                                <div
                                  className="welcome-box row"
                                >
                                  <Col
                                    tag="div"
                                    widths={
                                      Array [
                                        "xs",
                                        "sm",
                                        "md",
                                        "lg",
                                        "xl",
                                      ]
                                    }
                                  >
                                    <div
                                      className="col"
                                    >
                                      <h3>
                                        Welcome to OpenSRP
                                      </h3>
                                    </div>
                                  </Col>
                                </div>
                              </Row>
                            </div>
                          </Home>
                        </Route>
                      </PrivateRoute>
                    </Connect(PrivateRoute)>
                  </Switch>
                </div>
              </Col>
            </div>
          </Row>
        </div>
      </Container>
    </App>
  </Router>
</Provider>
`;
