// Jest Snapshot v1, https://goo.gl/fbAQLP

exports[`Compartments must display the correct data: compartments 1`] = `
Array [
  <div
    className="dataCircleCard  card"
  >
    <CardTitle
      tag="div"
    >
      <div
        className="card-title"
      >
        <Link
          onClick={[Function]}
          to="/pregnancy_compartments/hierarchicaldata/Pregnancy/all/2 Total Pregnancies/0/down/d1865325-11e6-4e39-817b-e676c1affecf/0"
        >
          <a
            href="/pregnancy_compartments/hierarchicaldata/Pregnancy/all/2 Total Pregnancies/0/down/d1865325-11e6-4e39-817b-e676c1affecf/0"
            onClick={[Function]}
          >
            2 Total Pregnancies
          </a>
        </Link>
      </div>
    </CardTitle>
    <CardBody
      className="circlesRow"
      tag="div"
    >
      <div
        className="circlesRow card-body"
      >
        <Link
          className="red circle"
          key="0"
          onClick={[Function]}
          to="/pregnancy_compartments/hierarchicaldata/Pregnancy/red/2 Total Pregnancies/0/down/d1865325-11e6-4e39-817b-e676c1affecf/0"
        >
          <a
            className="red circle"
            href="/pregnancy_compartments/hierarchicaldata/Pregnancy/red/2 Total Pregnancies/0/down/d1865325-11e6-4e39-817b-e676c1affecf/0"
            onClick={[Function]}
          >
            <span
              className="number"
            >
              1
            </span>
            <span
              className="risk-level"
            >
              Red Alert
            </span>
          </a>
        </Link>
        <Link
          className="orange circle"
          key="1"
          onClick={[Function]}
          to="/pregnancy_compartments/hierarchicaldata/Pregnancy/risk/2 Total Pregnancies/0/down/d1865325-11e6-4e39-817b-e676c1affecf/0"
        >
          <a
            className="orange circle"
            href="/pregnancy_compartments/hierarchicaldata/Pregnancy/risk/2 Total Pregnancies/0/down/d1865325-11e6-4e39-817b-e676c1affecf/0"
            onClick={[Function]}
          >
            <span
              className="number"
            >
              1
            </span>
            <span
              className="risk-level"
            >
              risk
            </span>
          </a>
        </Link>
        <Link
          className="green circle"
          key="2"
          onClick={[Function]}
          to="/pregnancy_compartments/hierarchicaldata/Pregnancy/no/2 Total Pregnancies/0/down/d1865325-11e6-4e39-817b-e676c1affecf/0"
        >
          <a
            className="green circle"
            href="/pregnancy_compartments/hierarchicaldata/Pregnancy/no/2 Total Pregnancies/0/down/d1865325-11e6-4e39-817b-e676c1affecf/0"
            onClick={[Function]}
          >
            <span
              className="number"
            >
              0
            </span>
            <span
              className="risk-level"
            >
              No Risk
            </span>
          </a>
        </Link>
      </div>
    </CardBody>
  </div>,
  <div
    className="dataCircleCard  card"
  >
    <CardTitle
      tag="div"
    >
      <div
        className="card-title"
      >
        <Link
          onClick={[Function]}
          to="/pregnancy_compartments/hierarchicaldata/Pregnancy/all/2 Total Pregnancies due in 2 weeks/0/down/d1865325-11e6-4e39-817b-e676c1affecf/0"
        >
          <a
            href="/pregnancy_compartments/hierarchicaldata/Pregnancy/all/2 Total Pregnancies due in 2 weeks/0/down/d1865325-11e6-4e39-817b-e676c1affecf/0"
            onClick={[Function]}
          >
            2 Total Pregnancies due in 2 weeks
          </a>
        </Link>
      </div>
    </CardTitle>
    <CardBody
      className="circlesRow"
      tag="div"
    >
      <div
        className="circlesRow card-body"
      >
        <Link
          className="red circle"
          key="0"
          onClick={[Function]}
          to="/pregnancy_compartments/hierarchicaldata/Pregnancy/red/2 Total Pregnancies due in 2 weeks/0/down/d1865325-11e6-4e39-817b-e676c1affecf/0"
        >
          <a
            className="red circle"
            href="/pregnancy_compartments/hierarchicaldata/Pregnancy/red/2 Total Pregnancies due in 2 weeks/0/down/d1865325-11e6-4e39-817b-e676c1affecf/0"
            onClick={[Function]}
          >
            <span
              className="number"
            >
              1
            </span>
            <span
              className="risk-level"
            >
              Red Alert
            </span>
          </a>
        </Link>
        <Link
          className="orange circle"
          key="1"
          onClick={[Function]}
          to="/pregnancy_compartments/hierarchicaldata/Pregnancy/risk/2 Total Pregnancies due in 2 weeks/0/down/d1865325-11e6-4e39-817b-e676c1affecf/0"
        >
          <a
            className="orange circle"
            href="/pregnancy_compartments/hierarchicaldata/Pregnancy/risk/2 Total Pregnancies due in 2 weeks/0/down/d1865325-11e6-4e39-817b-e676c1affecf/0"
            onClick={[Function]}
          >
            <span
              className="number"
            >
              1
            </span>
            <span
              className="risk-level"
            >
              risk
            </span>
          </a>
        </Link>
        <Link
          className="green circle"
          key="2"
          onClick={[Function]}
          to="/pregnancy_compartments/hierarchicaldata/Pregnancy/no/2 Total Pregnancies due in 2 weeks/0/down/d1865325-11e6-4e39-817b-e676c1affecf/0"
        >
          <a
            className="green circle"
            href="/pregnancy_compartments/hierarchicaldata/Pregnancy/no/2 Total Pregnancies due in 2 weeks/0/down/d1865325-11e6-4e39-817b-e676c1affecf/0"
            onClick={[Function]}
          >
            <span
              className="number"
            >
              0
            </span>
            <span
              className="risk-level"
            >
              No Risk
            </span>
          </a>
        </Link>
      </div>
    </CardBody>
  </div>,
  <div
    className="dataCircleCard  card"
  >
    <CardTitle
      tag="div"
    >
      <div
        className="card-title"
      >
        <Link
          onClick={[Function]}
          to="/pregnancy_compartments/hierarchicaldata/Pregnancy/all/0 Total Pregnancies due in 1 week/0/down/d1865325-11e6-4e39-817b-e676c1affecf/0"
        >
          <a
            href="/pregnancy_compartments/hierarchicaldata/Pregnancy/all/0 Total Pregnancies due in 1 week/0/down/d1865325-11e6-4e39-817b-e676c1affecf/0"
            onClick={[Function]}
          >
            0 Total Pregnancies due in 1 week
          </a>
        </Link>
      </div>
    </CardTitle>
    <CardBody
      className="circlesRow"
      tag="div"
    >
      <div
        className="circlesRow card-body"
      >
        <Link
          className="red circle"
          key="0"
          onClick={[Function]}
          to="/pregnancy_compartments/hierarchicaldata/Pregnancy/red/0 Total Pregnancies due in 1 week/0/down/d1865325-11e6-4e39-817b-e676c1affecf/0"
        >
          <a
            className="red circle"
            href="/pregnancy_compartments/hierarchicaldata/Pregnancy/red/0 Total Pregnancies due in 1 week/0/down/d1865325-11e6-4e39-817b-e676c1affecf/0"
            onClick={[Function]}
          >
            <span
              className="number"
            >
              0
            </span>
            <span
              className="risk-level"
            >
              Red Alert
            </span>
          </a>
        </Link>
        <Link
          className="orange circle"
          key="1"
          onClick={[Function]}
          to="/pregnancy_compartments/hierarchicaldata/Pregnancy/risk/0 Total Pregnancies due in 1 week/0/down/d1865325-11e6-4e39-817b-e676c1affecf/0"
        >
          <a
            className="orange circle"
            href="/pregnancy_compartments/hierarchicaldata/Pregnancy/risk/0 Total Pregnancies due in 1 week/0/down/d1865325-11e6-4e39-817b-e676c1affecf/0"
            onClick={[Function]}
          >
            <span
              className="number"
            >
              0
            </span>
            <span
              className="risk-level"
            >
              risk
            </span>
          </a>
        </Link>
        <Link
          className="green circle"
          key="2"
          onClick={[Function]}
          to="/pregnancy_compartments/hierarchicaldata/Pregnancy/no/0 Total Pregnancies due in 1 week/0/down/d1865325-11e6-4e39-817b-e676c1affecf/0"
        >
          <a
            className="green circle"
            href="/pregnancy_compartments/hierarchicaldata/Pregnancy/no/0 Total Pregnancies due in 1 week/0/down/d1865325-11e6-4e39-817b-e676c1affecf/0"
            onClick={[Function]}
          >
            <span
              className="number"
            >
              0
            </span>
            <span
              className="risk-level"
            >
              No Risk
            </span>
          </a>
        </Link>
      </div>
    </CardBody>
  </div>,
]
`;

exports[`Compartments must render correctly: compartment title 1`] = `
<h2
  id="compartment_title"
>
  Compartments
</h2>
`;

exports[`Compartments must render correctly: subtitle 1`] = `
<p
  id="breadcrumb"
>
  <span
    id="breadcrumb-span"
  >
    Vietnam
  </span>
</p>
`;
