// Jest Snapshot v1, https://goo.gl/fbAQLP

exports[`components/page/GenderDropdown renders without crashing: StateManager 1`] = `
<div
  id="gender-dropdown"
>
  <StateManager
    className="basic-single"
    classNamePrefix="select"
    defaultInputValue=""
    defaultMenuIsOpen={false}
    defaultValue={null}
    isSearchable={false}
    onChange={[Function]}
    options={
      Array [
        Object {
          "label": "Male",
          "value": "Male",
        },
        Object {
          "label": "Female",
          "value": "Female",
        },
        Object {
          "label": "Others",
          "value": "Others",
        },
      ]
    }
    placeholder="Select Gender"
    styles={
      Object {
        "control": [Function],
      }
    }
  />
</div>
`;
