// Jest Snapshot v1, https://goo.gl/fbAQLP

exports[`containers/pages/Home renders Home correctly 1`] = `
<Router
  history={
    Object {
      "action": "POP",
      "block": [Function],
      "createHref": [Function],
      "go": [Function],
      "goBack": [Function],
      "goForward": [Function],
      "length": 1,
      "listen": [Function],
      "location": Object {
        "hash": "",
        "pathname": "/",
        "search": "",
        "state": undefined,
      },
      "push": [Function],
      "replace": [Function],
    }
  }
>
  <Home>
    <div
      className="home-main"
    >
      <div
        className="welcome-text"
      >
        <h1>
          Welcome to the MIECD dashboard
        </h1>
      </div>
      <div
        className="components-list"
      >
        <div
          className="spacer"
        >
          <img
            id="womanchild1"
            src="womanchild1.png"
          />
          <div
            className="home-sub-containers"
          >
            <div
              className="sub-container-message"
            >
              <div
                id="cont-size"
              >
                <h1>
                  Pregnancy
                </h1>
              </div>
              <div
                id="cont-size"
              >
                <h4>
                  View the latest message updates about your patients.
                </h4>
              </div>
              <div
                id="cont-sized"
              >
                <Link
                  to="/pregnancy"
                >
                  <a
                    href="/pregnancy"
                    onClick={[Function]}
                  >
                    <button
                      className="button-style default"
                    >
                      View
                    </button>
                  </a>
                </Link>
              </div>
            </div>
          </div>
        </div>
        <div
          className="spacer"
        >
          <img
            id="womanchild2"
            src="womanchild2.png"
          />
          <div
            className="home-sub-containers"
          >
            <div
              className="sub-container-message"
            >
              <div
                id="cont-size"
              >
                <h1>
                  NBC & PNC
                </h1>
              </div>
              <div
                id="cont-size"
              >
                <h4>
                  View the latest message updates about your patients.
                </h4>
              </div>
              <div
                id="cont-sized"
              >
                <Link
                  to="/nbc_and_pnc"
                >
                  <a
                    href="/nbc_and_pnc"
                    onClick={[Function]}
                  >
                    <button
                      className="button-style default"
                    >
                      View
                    </button>
                  </a>
                </Link>
              </div>
            </div>
          </div>
        </div>
        <div
          className="spacer"
        >
          <img
            id="womanchild3"
            src="womanchild3.png"
          />
          <div
            className="home-sub-containers"
          >
            <div
              className="sub-container-message"
            >
              <div
                id="cont-size"
              >
                <h1>
                  Nutrition
                </h1>
              </div>
              <div
                id="cont-size"
              >
                <h4>
                  View the latest message updates about your patients.
                </h4>
              </div>
              <div
                id="cont-sized"
              >
                <Link
                  to="/nutrition"
                >
                  <a
                    href="/nutrition"
                    onClick={[Function]}
                  >
                    <button
                      className="button-style default"
                    >
                      View
                    </button>
                  </a>
                </Link>
              </div>
            </div>
          </div>
        </div>
      </div>
    </div>
  </Home>
</Router>
`;
